a,.a.,b,.b.,c,.c.,d,.d.
NA,REASON_1,7,NA,0.181526642525569,NA,m,NA
TRUE,NA,NA,REASON_2,0.833227441413328,NA,z,NA
TRUE,NA,8,NA,0.926790483295918,NA,r,NA
NA,REASON_3,10,NA,0.375270307529718,NA,NA,REASON_3
